# qdbus6 org.kde.KWin /Effects

property read QStringList org.kde.kwin.Effects.activeEffects
property read QStringList org.kde.kwin.Effects.listOfEffects
property read QStringList org.kde.kwin.Effects.loadedEffects
method {D-Bus type"ab"} org.kde.kwin.Effects.areEffectsSupported(QStringList names)
method QString org.kde.kwin.Effects.debug(QString name, QString name)
method bool org.kde.kwin.Effects.isEffectLoaded(QString name)
method bool org.kde.kwin.Effects.isEffectSupported(QString name)
method bool org.kde.kwin.Effects.loadEffect(QString name)
method void org.kde.kwin.Effects.reconfigureEffect(QString name)
method QString org.kde.kwin.Effects.supportInformation(QString name)
method void org.kde.kwin.Effects.toggleEffect(QString name)
method void org.kde.kwin.Effects.unloadEffect(QString name)
signal void org.freedesktop.DBus.Properties.PropertiesChanged(QString interface_name, QVariantMap changed_properties, QStringList invalidated_properties)
method QDBusVariant org.freedesktop.DBus.Properties.Get(QString interface_name, QString property_name)
method QVariantMap org.freedesktop.DBus.Properties.GetAll(QString interface_name)
method void org.freedesktop.DBus.Properties.Set(QString interface_name, QString property_name, QDBusVariant value)
method QString org.freedesktop.DBus.Introspectable.Introspect()
method QString org.freedesktop.DBus.Peer.GetMachineId()
method void org.freedesktop.DBus.Peer.Ping()
