# qdbus6 org.kde.KWin /kglobalaccel

signal void org.kde.KGlobalAccel.yourShortcutGotChanged(QStringList actionId, {D-Bus type"ai"} newKeys)
signal void org.kde.KGlobalAccel.yourShortcutsChanged(QStringList actionId, {D-Bus type"a(ai)"} newKeys)
method QStringList org.kde.KGlobalAccel.action(int key)
method QStringList org.kde.KGlobalAccel.actionList({D-Bus type"(ai)"} key)
method void org.kde.KGlobalAccel.activateGlobalShortcutContext(QString component, QString context)
method {D-Bus type"aas"} org.kde.KGlobalAccel.allActionsForComponent(QStringList actionId)
method QList<QDBusObjectPath> org.kde.KGlobalAccel.allComponents()
method {D-Bus type"aas"} org.kde.KGlobalAccel.allMainComponents()
method void org.kde.KGlobalAccel.blockGlobalShortcuts(bool)
method {D-Bus type"ai"} org.kde.KGlobalAccel.defaultShortcut(QStringList actionId)
method {D-Bus type"a(ai)"} org.kde.KGlobalAccel.defaultShortcutKeys(QStringList actionId)
method void org.kde.KGlobalAccel.doRegister(QStringList actionId)
method QDBusObjectPath org.kde.KGlobalAccel.getComponent(QString componentUnique)
method {D-Bus type"a(ssssssaiai)"} org.kde.KGlobalAccel.getGlobalShortcutsByKey(int key)
method bool org.kde.KGlobalAccel.globalShortcutAvailable({D-Bus type"(ai)"} key, QString component)
method {D-Bus type"a(ssssssaiai)"} org.kde.KGlobalAccel.globalShortcutsByKey({D-Bus type"(ai)"} key, {D-Bus type"(i)"} type)
method bool org.kde.KGlobalAccel.isGlobalShortcutAvailable(int key, QString component)
method void org.kde.KGlobalAccel.setForeignShortcut(QStringList actionId, {D-Bus type"ai"} keys)
method void org.kde.KGlobalAccel.setForeignShortcutKeys(QStringList actionId, {D-Bus type"a(ai)"} keys)
method void org.kde.KGlobalAccel.setInactive(QStringList actionId)
method {D-Bus type"ai"} org.kde.KGlobalAccel.setShortcut(QStringList actionId, {D-Bus type"ai"} keys, uint flags)
method {D-Bus type"a(ai)"} org.kde.KGlobalAccel.setShortcutKeys(QStringList actionId, {D-Bus type"a(ai)"} keys, uint flags)
method {D-Bus type"ai"} org.kde.KGlobalAccel.shortcut(QStringList actionId)
method {D-Bus type"a(ai)"} org.kde.KGlobalAccel.shortcutKeys(QStringList actionId)
method void org.kde.KGlobalAccel.unRegister(QStringList actionId)
method bool org.kde.KGlobalAccel.unregister(QString componentUnique, QString shortcutUnique)
signal void org.freedesktop.DBus.Properties.PropertiesChanged(QString interface_name, QVariantMap changed_properties, QStringList invalidated_properties)
method QDBusVariant org.freedesktop.DBus.Properties.Get(QString interface_name, QString property_name)
method QVariantMap org.freedesktop.DBus.Properties.GetAll(QString interface_name)
method void org.freedesktop.DBus.Properties.Set(QString interface_name, QString property_name, QDBusVariant value)
method QString org.freedesktop.DBus.Introspectable.Introspect()
method QString org.freedesktop.DBus.Peer.GetMachineId()
method void org.freedesktop.DBus.Peer.Ping()
