# qdbus6 org.kde.KWin /KWin

property read bool org.kde.KWin.showingDesktop
signal void org.kde.KWin.reloadConfig()
signal void org.kde.KWin.showingDesktopChanged(bool showing)
method QString org.kde.KWin.activeOutputName()
method int org.kde.KWin.currentDesktop()
method QVariantMap org.kde.KWin.getWindowInfo(QString)
method Q_NOREPLY void org.kde.KWin.killWindow()
method void org.kde.KWin.nextDesktop()
method void org.kde.KWin.previousDesktop()
method QVariantMap org.kde.KWin.queryWindowInfo()
method Q_NOREPLY void org.kde.KWin.reconfigure()
method void org.kde.KWin.replace()
method bool org.kde.KWin.setCurrentDesktop(int desktop)
method void org.kde.KWin.showDebugConsole()
method Q_NOREPLY void org.kde.KWin.showDesktop(bool showing)
method QString org.kde.KWin.supportInformation()
signal void org.freedesktop.DBus.Properties.PropertiesChanged(QString interface_name, QVariantMap changed_properties, QStringList invalidated_properties)
method QDBusVariant org.freedesktop.DBus.Properties.Get(QString interface_name, QString property_name)
method QVariantMap org.freedesktop.DBus.Properties.GetAll(QString interface_name)
method void org.freedesktop.DBus.Properties.Set(QString interface_name, QString property_name, QDBusVariant value)
method QString org.freedesktop.DBus.Introspectable.Introspect()
method QString org.freedesktop.DBus.Peer.GetMachineId()
method void org.freedesktop.DBus.Peer.Ping()
