# qdbus6 org.kde.KWin /ScreenSaver

signal void org.freedesktop.ScreenSaver.ActiveChanged(bool)
method bool org.freedesktop.ScreenSaver.GetActive()
method uint org.freedesktop.ScreenSaver.GetActiveTime()
method uint org.freedesktop.ScreenSaver.GetSessionIdleTime()
method uint org.freedesktop.ScreenSaver.Inhibit(QString application_name, QString reason_for_inhibit)
method void org.freedesktop.ScreenSaver.Lock()
method bool org.freedesktop.ScreenSaver.SetActive(bool e)
method void org.freedesktop.ScreenSaver.SimulateUserActivity()
method uint org.freedesktop.ScreenSaver.Throttle(QString application_name, QString reason_for_inhibit)
method void org.freedesktop.ScreenSaver.UnInhibit(uint cookie)
method void org.freedesktop.ScreenSaver.UnThrottle(uint cookie)
signal void org.kde.screensaver.AboutToLock()
method void org.kde.screensaver.configure()
signal void org.freedesktop.DBus.Properties.PropertiesChanged(QString interface_name, QVariantMap changed_properties, QStringList invalidated_properties)
method QDBusVariant org.freedesktop.DBus.Properties.Get(QString interface_name, QString property_name)
method QVariantMap org.freedesktop.DBus.Properties.GetAll(QString interface_name)
method void org.freedesktop.DBus.Properties.Set(QString interface_name, QString property_name, QDBusVariant value)
method QString org.freedesktop.DBus.Introspectable.Introspect()
method QString org.freedesktop.DBus.Peer.GetMachineId()
method void org.freedesktop.DBus.Peer.Ping()
